// Jest Snapshot v1, https://goo.gl/fbAQLP

exports[`Component renders successfully 1`] = `
<input
  className="form-input"
  defaultValue=""
  placeholder="Select Games"
  type="text"
/>
`;
